// Vitest Snapshot v1

exports[`GameLineItem > matches snapshot 1`] = `
{
  "asFragment": [Function],
  "baseElement": <body>
    <div>
      <div
        class="_root_fd0dcf"
      >
        <div
          class="_summary_fd0dcf"
        >
          <button
            class="_icon_fd0dcf"
            data-testid="destroyGame4"
          >
            <svg
              aria-hidden="true"
              class="svg-inline--fa fa-xmark _fa_fd0dcf"
              data-icon="xmark"
              data-prefix="fas"
              focusable="false"
              role="img"
              viewBox="0 0 320 512"
              xmlns="http://www.w3.org/2000/svg"
            >
              <path
                d="M310.6 150.6c12.5-12.5 12.5-32.8 0-45.3s-32.8-12.5-45.3 0L160 210.7 54.6 105.4c-12.5-12.5-32.8-12.5-45.3 0s-12.5 32.8 0 45.3L114.7 256 9.4 361.4c-12.5 12.5-12.5 32.8 0 45.3s32.8 12.5 45.3 0L160 301.3 265.4 406.6c12.5 12.5 32.8 12.5 45.3 0s12.5-32.8 0-45.3L205.3 256 310.6 150.6z"
                fill="currentColor"
              />
            </svg>
          </button>
          <h3
            aria-controls="game4Details"
            aria-expanded="false"
            class="_header_fd0dcf"
            role="button"
          >
            De finibus bonorum et malorum
          </h3>
        </div>
        <div
          aria-hidden="true"
          class="rah-static rah-static--height-zero "
          id="game4Details"
          style="height: 0; overflow: hidden;"
        >
          <div
            style="display: none;"
          >
            <p
              class="_description_fd0dcf"
            >
              This is my game
            </p>
          </div>
        </div>
      </div>
    </div>
  </body>,
  "container": <div>
    <div
      class="_root_fd0dcf"
    >
      <div
        class="_summary_fd0dcf"
      >
        <button
          class="_icon_fd0dcf"
          data-testid="destroyGame4"
        >
          <svg
            aria-hidden="true"
            class="svg-inline--fa fa-xmark _fa_fd0dcf"
            data-icon="xmark"
            data-prefix="fas"
            focusable="false"
            role="img"
            viewBox="0 0 320 512"
            xmlns="http://www.w3.org/2000/svg"
          >
            <path
              d="M310.6 150.6c12.5-12.5 12.5-32.8 0-45.3s-32.8-12.5-45.3 0L160 210.7 54.6 105.4c-12.5-12.5-32.8-12.5-45.3 0s-12.5 32.8 0 45.3L114.7 256 9.4 361.4c-12.5 12.5-12.5 32.8 0 45.3s32.8 12.5 45.3 0L160 301.3 265.4 406.6c12.5 12.5 32.8 12.5 45.3 0s12.5-32.8 0-45.3L205.3 256 310.6 150.6z"
              fill="currentColor"
            />
          </svg>
        </button>
        <h3
          aria-controls="game4Details"
          aria-expanded="false"
          class="_header_fd0dcf"
          role="button"
        >
          De finibus bonorum et malorum
        </h3>
      </div>
      <div
        aria-hidden="true"
        class="rah-static rah-static--height-zero "
        id="game4Details"
        style="height: 0; overflow: hidden;"
      >
        <div
          style="display: none;"
        >
          <p
            class="_description_fd0dcf"
          >
            This is my game
          </p>
        </div>
      </div>
    </div>
  </div>,
  "debug": [Function],
  "findAllByAltText": [Function],
  "findAllByDisplayValue": [Function],
  "findAllByLabelText": [Function],
  "findAllByPlaceholderText": [Function],
  "findAllByRole": [Function],
  "findAllByTestId": [Function],
  "findAllByText": [Function],
  "findAllByTitle": [Function],
  "findByAltText": [Function],
  "findByDisplayValue": [Function],
  "findByLabelText": [Function],
  "findByPlaceholderText": [Function],
  "findByRole": [Function],
  "findByTestId": [Function],
  "findByText": [Function],
  "findByTitle": [Function],
  "getAllByAltText": [Function],
  "getAllByDisplayValue": [Function],
  "getAllByLabelText": [Function],
  "getAllByPlaceholderText": [Function],
  "getAllByRole": [Function],
  "getAllByTestId": [Function],
  "getAllByText": [Function],
  "getAllByTitle": [Function],
  "getByAltText": [Function],
  "getByDisplayValue": [Function],
  "getByLabelText": [Function],
  "getByPlaceholderText": [Function],
  "getByRole": [Function],
  "getByTestId": [Function],
  "getByText": [Function],
  "getByTitle": [Function],
  "queryAllByAltText": [Function],
  "queryAllByDisplayValue": [Function],
  "queryAllByLabelText": [Function],
  "queryAllByPlaceholderText": [Function],
  "queryAllByRole": [Function],
  "queryAllByTestId": [Function],
  "queryAllByText": [Function],
  "queryAllByTitle": [Function],
  "queryByAltText": [Function],
  "queryByDisplayValue": [Function],
  "queryByLabelText": [Function],
  "queryByPlaceholderText": [Function],
  "queryByRole": [Function],
  "queryByTestId": [Function],
  "queryByText": [Function],
  "queryByTitle": [Function],
  "rerender": [Function],
  "unmount": [Function],
}
`;
