// Vitest Snapshot v1, https://vitest.dev/guide/snapshot.html

exports[`ShoppingListItemCreateForm > matches snapshot 1`] = `
{
  "asFragment": [Function],
  "baseElement": <body>
    <div>
      <div
        class="_root_8112da _collapsed_8112da"
        style="--base-color: #ffcb32; --hover-color: #ffc519; --body-color: #fff2cc; --border-color: #cc9800; --text-color-main: #4c3900; --text-color-secondary: #7f5700;"
      >
        <div
          class="_triggerContainer_8112da"
        >
          <button
            aria-controls="addItemToShoppingList4"
            aria-expanded="false"
            class="_trigger_8112da"
          >
            Add item to list...
          </button>
        </div>
        <div
          aria-hidden="true"
          class="rah-static rah-static--height-zero "
          id="addItemToShoppingList4"
          style="height: 0px; overflow: hidden;"
        >
          <div
            style="display: none;"
          >
            <form
              aria-label="Wish list item creation form"
              class="_form_8112da"
            >
              <label
                class="_label_8112da"
              >
                Description
                <input
                  class="_input_8112da"
                  name="description"
                  placeholder="Description"
                  required=""
                  type="text"
                />
              </label>
              <label
                class="_label_8112da"
              >
                Quantity
                <input
                  class="_input_8112da"
                  inputmode="numeric"
                  min="1"
                  name="quantity"
                  pattern="^[0-9]*$"
                  placeholder="Quantity"
                  required=""
                  step="1"
                  type="number"
                  value="1"
                />
              </label>
              <label
                class="_label_8112da"
              >
                Unit Weight
                <input
                  class="_input_8112da"
                  inputmode="decimal"
                  min="0"
                  name="unit_weight"
                  placeholder="Unit Weight"
                  step="0.1"
                  type="number"
                />
              </label>
              <label
                class="_label_8112da"
              >
                Notes
                <input
                  class="_input_8112da"
                  name="notes"
                  placeholder="Notes"
                  type="text"
                />
              </label>
              <button
                class="_submit_8112da"
                type="submit"
              >
                Add to List
              </button>
            </form>
          </div>
        </div>
      </div>
    </div>
  </body>,
  "container": <div>
    <div
      class="_root_8112da _collapsed_8112da"
      style="--base-color: #ffcb32; --hover-color: #ffc519; --body-color: #fff2cc; --border-color: #cc9800; --text-color-main: #4c3900; --text-color-secondary: #7f5700;"
    >
      <div
        class="_triggerContainer_8112da"
      >
        <button
          aria-controls="addItemToShoppingList4"
          aria-expanded="false"
          class="_trigger_8112da"
        >
          Add item to list...
        </button>
      </div>
      <div
        aria-hidden="true"
        class="rah-static rah-static--height-zero "
        id="addItemToShoppingList4"
        style="height: 0px; overflow: hidden;"
      >
        <div
          style="display: none;"
        >
          <form
            aria-label="Wish list item creation form"
            class="_form_8112da"
          >
            <label
              class="_label_8112da"
            >
              Description
              <input
                class="_input_8112da"
                name="description"
                placeholder="Description"
                required=""
                type="text"
              />
            </label>
            <label
              class="_label_8112da"
            >
              Quantity
              <input
                class="_input_8112da"
                inputmode="numeric"
                min="1"
                name="quantity"
                pattern="^[0-9]*$"
                placeholder="Quantity"
                required=""
                step="1"
                type="number"
                value="1"
              />
            </label>
            <label
              class="_label_8112da"
            >
              Unit Weight
              <input
                class="_input_8112da"
                inputmode="decimal"
                min="0"
                name="unit_weight"
                placeholder="Unit Weight"
                step="0.1"
                type="number"
              />
            </label>
            <label
              class="_label_8112da"
            >
              Notes
              <input
                class="_input_8112da"
                name="notes"
                placeholder="Notes"
                type="text"
              />
            </label>
            <button
              class="_submit_8112da"
              type="submit"
            >
              Add to List
            </button>
          </form>
        </div>
      </div>
    </div>
  </div>,
  "debug": [Function],
  "findAllByAltText": [Function],
  "findAllByDisplayValue": [Function],
  "findAllByLabelText": [Function],
  "findAllByPlaceholderText": [Function],
  "findAllByRole": [Function],
  "findAllByTestId": [Function],
  "findAllByText": [Function],
  "findAllByTitle": [Function],
  "findByAltText": [Function],
  "findByDisplayValue": [Function],
  "findByLabelText": [Function],
  "findByPlaceholderText": [Function],
  "findByRole": [Function],
  "findByTestId": [Function],
  "findByText": [Function],
  "findByTitle": [Function],
  "getAllByAltText": [Function],
  "getAllByDisplayValue": [Function],
  "getAllByLabelText": [Function],
  "getAllByPlaceholderText": [Function],
  "getAllByRole": [Function],
  "getAllByTestId": [Function],
  "getAllByText": [Function],
  "getAllByTitle": [Function],
  "getByAltText": [Function],
  "getByDisplayValue": [Function],
  "getByLabelText": [Function],
  "getByPlaceholderText": [Function],
  "getByRole": [Function],
  "getByTestId": [Function],
  "getByText": [Function],
  "getByTitle": [Function],
  "queryAllByAltText": [Function],
  "queryAllByDisplayValue": [Function],
  "queryAllByLabelText": [Function],
  "queryAllByPlaceholderText": [Function],
  "queryAllByRole": [Function],
  "queryAllByTestId": [Function],
  "queryAllByText": [Function],
  "queryAllByTitle": [Function],
  "queryByAltText": [Function],
  "queryByDisplayValue": [Function],
  "queryByLabelText": [Function],
  "queryByPlaceholderText": [Function],
  "queryByRole": [Function],
  "queryByTestId": [Function],
  "queryByText": [Function],
  "queryByTitle": [Function],
  "rerender": [Function],
  "unmount": [Function],
}
`;
